2026-09-30 18:59:31 [INFO] ====== 一次性重命名开始 ======
2026-09-30 18:59:31 [INFO] 发现 8 个待重命名文件
2026-09-30 18:59:31 [INFO] [DRY_RUN] 2026-09-27image01.png -> images/2026-09-27_001.png
2026-09-30 18:59:31 [INFO] [DRY_RUN] 2026-09-29image01.png -> images/2026-09-29_002.png
2026-09-30 18:59:31 [INFO] [DRY_RUN] 2026-09-29image02.png -> images/2026-09-29_003.png
2026-09-30 18:59:31 [INFO] [DRY_RUN] 2026-09-29image03.png -> images/2026-09-29_004.png
2026-09-30 18:59:31 [INFO] [DRY_RUN] 2026-09-29image04.png -> images/2026-09-29_005.png
2026-09-30 18:59:31 [INFO] [DRY_RUN] 2026-09-30image01.png -> images/2026-09-30_006.png
2026-09-30 18:59:31 [INFO] [DRY_RUN] 2026-09-30image02.png -> images/2026-09-30_007.png
2026-09-30 18:59:31 [INFO] [DRY_RUN] 2026-09-30image03.png -> images/2026-09-30_008.png
2026-09-30 18:59:31 [INFO] [DRY_RUN] 将更新引用：2026-09-27.md
2026-09-30 18:59:31 [INFO] [DRY_RUN] 将更新引用：2026-09-29.md
2026-09-30 18:59:31 [INFO] [DRY_RUN] 将更新引用：2026-09-30.md
2026-09-30 18:59:31 [ERROR] 脚本执行失败：'utf-8' codec can't decode byte 0xff in position 0: invalid start byte
Traceback (most recent call last):
  File "D:\git\daily-notes\1.py", line 143, in update_md_references
    text = md.read_text(encoding="utf-8")
  File "C:\Users\Mengl\AppData\Local\Programs\Python\Python313\Lib\pathlib\_local.py", line 546, in read_text
    return PathBase.read_text(self, encoding, errors, newline)
           ~~~~~~~~~~~~~~~~~~^^^^^^^^^^^^^^^^^^^^^^^^^^^^^^^^^
  File "C:\Users\Mengl\AppData\Local\Programs\Python\Python313\Lib\pathlib\_abc.py", line 633, in read_text
    return f.read()
           ~~~~~~^^
  File "<frozen codecs>", line 325, in decode
UnicodeDecodeError: 'utf-8' codec can't decode byte 0xff in position 0: invalid start byte

During handling of the above exception, another exception occurred:

Traceback (most recent call last):
  File "D:\git\daily-notes\1.py", line 209, in <module>
    main()
    ~~~~^^
  File "D:\git\daily-notes\1.py", line 201, in main
    update_md_references(REPO_PATH, plans)
    ~~~~~~~~~~~~~~~~~~~~^^^^^^^^^^^^^^^^^^
  File "D:\git\daily-notes\1.py", line 145, in update_md_references
    text = md.read_text(encoding="utf-8-sig")
  File "C:\Users\Mengl\AppData\Local\Programs\Python\Python313\Lib\pathlib\_local.py", line 546, in read_text
    return PathBase.read_text(self, encoding, errors, newline)
           ~~~~~~~~~~~~~~~~~~^^^^^^^^^^^^^^^^^^^^^^^^^^^^^^^^^
  File "C:\Users\Mengl\AppData\Local\Programs\Python\Python313\Lib\pathlib\_abc.py", line 633, in read_text
    return f.read()
           ~~~~~~^^
  File "<frozen codecs>", line 325, in decode
  File "C:\Users\Mengl\AppData\Local\Programs\Python\Python313\Lib\encodings\utf_8_sig.py", line 69, in _buffer_decode
    return codecs.utf_8_decode(input, errors, final)
           ~~~~~~~~~~~~~~~~~~~^^^^^^^^^^^^^^^^^^^^^^
UnicodeDecodeError: 'utf-8' codec can't decode byte 0xff in position 0: invalid start byte
2026-09-30 19:03:18 [INFO] ====== 一次性重命名开始 ======
2026-09-30 19:03:18 [INFO] 发现 8 个待重命名文件
2026-09-30 19:03:18 [INFO] [DRY_RUN] 2026-09-27image01.png -> images/2026-09-27_001.png
2026-09-30 19:03:18 [INFO] [DRY_RUN] 2026-09-29image01.png -> images/2026-09-29_002.png
2026-09-30 19:03:18 [INFO] [DRY_RUN] 2026-09-29image02.png -> images/2026-09-29_003.png
2026-09-30 19:03:18 [INFO] [DRY_RUN] 2026-09-29image03.png -> images/2026-09-29_004.png
2026-09-30 19:03:18 [INFO] [DRY_RUN] 2026-09-29image04.png -> images/2026-09-29_005.png
2026-09-30 19:03:18 [INFO] [DRY_RUN] 2026-09-30image01.png -> images/2026-09-30_006.png
2026-09-30 19:03:18 [INFO] [DRY_RUN] 2026-09-30image02.png -> images/2026-09-30_007.png
2026-09-30 19:03:18 [INFO] [DRY_RUN] 2026-09-30image03.png -> images/2026-09-30_008.png
2026-09-30 19:03:18 [ERROR] 脚本执行失败：cannot access local variable 'md' where it is not associated with a value
Traceback (most recent call last):
  File "D:\git\daily-notes\1.py", line 211, in <module>
    main()
    ~~~~^^
  File "D:\git\daily-notes\1.py", line 203, in main
    update_md_references(REPO_PATH, plans)
    ~~~~~~~~~~~~~~~~~~~~^^^^^^^^^^^^^^^^^^
  File "D:\git\daily-notes\1.py", line 132, in update_md_references
    print(f"正在读取md文件：{md}")
                             ^^
UnboundLocalError: cannot access local variable 'md' where it is not associated with a value
2026-09-30 19:05:27 [INFO] ====== 一次性重命名开始 ======
2026-09-30 19:05:27 [INFO] 发现 8 个待重命名文件
2026-09-30 19:05:27 [INFO] [DRY_RUN] 2026-09-27image01.png -> images/2026-09-27_001.png
2026-09-30 19:05:27 [INFO] [DRY_RUN] 2026-09-29image01.png -> images/2026-09-29_002.png
2026-09-30 19:05:27 [INFO] [DRY_RUN] 2026-09-29image02.png -> images/2026-09-29_003.png
2026-09-30 19:05:27 [INFO] [DRY_RUN] 2026-09-29image03.png -> images/2026-09-29_004.png
2026-09-30 19:05:27 [INFO] [DRY_RUN] 2026-09-29image04.png -> images/2026-09-29_005.png
2026-09-30 19:05:27 [INFO] [DRY_RUN] 2026-09-30image01.png -> images/2026-09-30_006.png
2026-09-30 19:05:27 [INFO] [DRY_RUN] 2026-09-30image02.png -> images/2026-09-30_007.png
2026-09-30 19:05:27 [INFO] [DRY_RUN] 2026-09-30image03.png -> images/2026-09-30_008.png
2026-09-30 19:05:27 [INFO] 正在读取md文件：2026-09-27.md
2026-09-30 19:05:27 [INFO] [DRY_RUN] 将更新引用：2026-09-27.md
2026-09-30 19:05:27 [INFO] 正在读取md文件：2026-09-28.md
2026-09-30 19:05:27 [INFO] 正在读取md文件：2026-09-29.md
2026-09-30 19:05:27 [INFO] [DRY_RUN] 将更新引用：2026-09-29.md
2026-09-30 19:05:27 [INFO] 正在读取md文件：2026-09-30.md
2026-09-30 19:05:27 [INFO] [DRY_RUN] 将更新引用：2026-09-30.md
2026-09-30 19:05:27 [INFO] 正在读取md文件：README.md
2026-09-30 19:05:27 [INFO] 完成，共处理 8 个文件
2026-09-30 19:05:27 [INFO] ====== 一次性重命名结束 ======

2026-09-30 19:18:26 [INFO] ====== 一次性重命名开始 ======
2026-09-30 19:18:26 [INFO] 发现 8 个待重命名文件
2026-09-30 19:18:26 [INFO] [DRY_RUN] 2026-09-27image01.png -> images/2026-09-27_001.png
2026-09-30 19:18:26 [INFO] [DRY_RUN] 2026-09-29image01.png -> images/2026-09-29_002.png
2026-09-30 19:18:26 [INFO] [DRY_RUN] 2026-09-29image02.png -> images/2026-09-29_003.png
2026-09-30 19:18:26 [INFO] [DRY_RUN] 2026-09-29image03.png -> images/2026-09-29_004.png
2026-09-30 19:18:26 [INFO] [DRY_RUN] 2026-09-29image04.png -> images/2026-09-29_005.png
2026-09-30 19:18:26 [INFO] [DRY_RUN] 2026-09-30image01.png -> images/2026-09-30_006.png
2026-09-30 19:18:26 [INFO] [DRY_RUN] 2026-09-30image02.png -> images/2026-09-30_007.png
2026-09-30 19:18:26 [INFO] [DRY_RUN] 2026-09-30image03.png -> images/2026-09-30_008.png
2026-09-30 19:18:26 [INFO] 正在读取md文件：2026-09-27.md
2026-09-30 19:18:26 [INFO] [DRY_RUN] 将更新引用：2026-09-27.md
2026-09-30 19:18:26 [INFO] 正在读取md文件：2026-09-28.md
2026-09-30 19:18:26 [INFO] 正在读取md文件：2026-09-29.md
2026-09-30 19:18:26 [INFO] [DRY_RUN] 将更新引用：2026-09-29.md
2026-09-30 19:18:26 [INFO] 正在读取md文件：2026-09-30.md
2026-09-30 19:18:26 [INFO] [DRY_RUN] 将更新引用：2026-09-30.md
2026-09-30 19:18:26 [INFO] 完成，共处理 8 个文件
2026-09-30 19:18:26 [INFO] ====== 一次性重命名结束 ======

2026-09-30 19:19:16 [INFO] ====== 一次性重命名开始 ======
2026-09-30 19:19:16 [INFO] 发现 8 个待重命名文件
2026-09-30 19:19:16 [INFO] 2026-09-27image01.png -> images/2026-09-27_001.png
2026-09-30 19:19:16 [INFO] 2026-09-29image01.png -> images/2026-09-29_002.png
2026-09-30 19:19:16 [INFO] 2026-09-29image02.png -> images/2026-09-29_003.png
2026-09-30 19:19:16 [INFO] 2026-09-29image03.png -> images/2026-09-29_004.png
2026-09-30 19:19:16 [INFO] 2026-09-29image04.png -> images/2026-09-29_005.png
2026-09-30 19:19:16 [INFO] 2026-09-30image01.png -> images/2026-09-30_006.png
2026-09-30 19:19:16 [INFO] 2026-09-30image02.png -> images/2026-09-30_007.png
2026-09-30 19:19:16 [INFO] 2026-09-30image03.png -> images/2026-09-30_008.png
2026-09-30 19:19:16 [INFO] 正在读取md文件：2026-09-27.md
2026-09-30 19:19:16 [INFO] 已更新引用：2026-09-27.md
2026-09-30 19:19:16 [INFO] 正在读取md文件：2026-09-28.md
2026-09-30 19:19:16 [INFO] 正在读取md文件：2026-09-29.md
2026-09-30 19:19:16 [INFO] 已更新引用：2026-09-29.md
2026-09-30 19:19:16 [INFO] 正在读取md文件：2026-09-30.md
2026-09-30 19:19:16 [INFO] 已更新引用：2026-09-30.md
2026-09-30 19:19:16 [INFO] 完成，共处理 8 个文件
2026-09-30 19:19:16 [INFO] ====== 一次性重命名结束 ======

